
R version 4.0.0 (2020-04-24) -- "Arbor Day"
Copyright (C) 2020 The R Foundation for Statistical Computing
Platform: x86_64-apple-darwin17.0 (64-bit)

R is free software and comes with ABSOLUTELY NO WARRANTY.
You are welcome to redistribute it under certain conditions.
Type 'license()' or 'licence()' for distribution details.

R is a collaborative project with many contributors.
Type 'contributors()' for more information and
'citation()' on how to cite R or R packages in publications.

Type 'demo()' for some demos, 'help()' for on-line help, or
'help.start()' for an HTML browser interface to help.
Type 'q()' to quit R.

> ### test-boxplotScore.R --- 
> #----------------------------------------------------------------------
> ## author: Thomas Alexander Gerds
> ## created: Aug 23 2016 (17:07) 
> ## Version: 
> ## last-updated: Mar  3 2019 (17:14) 
> ##           By: Thomas Alexander Gerds
> ##     Update #: 14
> #----------------------------------------------------------------------
> ## 
> ### Commentary: 
> ## 
> ### Change Log:
> #----------------------------------------------------------------------
> ## 
> ### Code:
> library(testthat)
> library(riskRegression)
riskRegression version 2020.02.05
> library(data.table)
> context("Retrospective boxplots of predicted risks")
> # {{{ "boxplot.Score"
> test_that("boxplot.Score",{
+     d <- data.table(time=1:10,
+                     Y=c(rep(1,5),rep(0,5)),
+                     status=1,
+                     b=c(.3,.2,.2,.3,.4),
+                     a=c(.8,.5,.2,.2,0))
+     d[,diffba:=b-a]
+     ## d <- rbindlist(list(d,d,d))
+     Qe <- d[time<5.1,quantile(diffba,probs=c(0.05,0.25,0.5,0.75,0.95),type=1)]
+     Qef <- d[time>=5.1,quantile(diffba,probs=c(0.05,0.25,0.5,0.75,0.95),type=1)]
+ 
+     ## [ERROR: * cannot open the connection]
+     ## binCase <- Score(list(a=d$a,b=d$b),formula=Y~1,data=d,summary="riskQuantile",null.model=FALSE,plots=NULL,metrics=NULL)
+     ## survCase <- Score(list(a=d$a,b=d$b),formula=Surv(time,status)~1,times=5.1,data=d,summary="riskQuantile",probs=c(0.05,0.25,0.5,0.75,0.95),null.model=FALSE,plots=NULL,metrics=NULL)
+     ## expect_equal(as.numeric(unlist(survCase$riskQuantile$contrasts[cause=="event",5:9,with=FALSE])),as.numeric(Qe))
+     ## expect_equal(as.numeric(unlist(survCase$riskQuantile$contrasts[cause=="event-free",5:9,with=FALSE])),as.numeric(Qef))    
+ })
> 
> # }}}
> # {{{ "getQuantile"
> test_that("getQuantile",{
+     x <- 0:5
+     Fx <- cumsum(rep(1,length(x)))/length(x)
+     expect_equal(riskRegression:::getQuantile(x=x,Fx=Fx,Q=seq(0,1,.25)),
+                  as.numeric(quantile(0:5,type=1,probs=seq(0,1,.25))))
+     qseq <- runif(8,0,1)
+     expect_equal(riskRegression:::getQuantile(x=x,Fx=Fx,Q=qseq),
+                  as.numeric(quantile(0:5,type=1,probs=qseq)))
+ })
> # }}}
> #----------------------------------------------------------------------
> ### test-boxplotScore.R ends here
> 
> proc.time()
   user  system elapsed 
  1.941   0.413   2.422 
